amytis@amytis:~$ ip -4 addr
1: lo: <LOOPBACK,UP,LOWER_UP> mtu 65536 qdisc noqueue state UNKNOWN group default qlen 1000
    inet 127.0.0.1/8 scope host lo
       valid_lft forever preferred_lft forever
2: ens33: <BROADCAST,MULTICAST,UP,LOWER_UP> mtu 1500 qdisc fq_codel state UP group default qlen 1000
    altname enp2s1
    inet 192.168.121.128/24 brd 192.168.121.255 scope global dynamic noprefixroute ens33
       valid_lft 1485sec preferred_lft 1485sec
18: enx1cba8ca2ed6a: <BROADCAST,MULTICAST,UP,LOWER_UP> mtu 1500 qdisc fq_codel state UP group default qlen 1000
    inet 192.168.7.1/24 brd 192.168.7.255 scope global dynamic noprefixroute enx1cba8ca2ed6a
       valid_lft 928sec preferred_lft 928sec
amytis@amytis:~$ ping 192.168.7.2
PING 192.168.7.2 (192.168.7.2) 56(84) bytes of data.
64 bytes from 192.168.7.2: icmp_seq=1 ttl=64 time=382 ms
64 bytes from 192.168.7.2: icmp_seq=2 ttl=64 time=3.09 ms
64 bytes from 192.168.7.2: icmp_seq=3 ttl=64 time=4.18 ms
64 bytes from 192.168.7.2: icmp_seq=4 ttl=64 time=3.78 ms
^C
--- 192.168.7.2 ping statistics ---
5 packets transmitted, 4 received, 20% packet loss, time 4007ms
rtt min/avg/max/mdev = 3.085/98.299/382.145/163.878 ms
amytis@amytis:~$ ssh amytis@192.168.7.2
Debian GNU/Linux 13

BeagleBoard.org Debian Trixie Xfce Image 2025-08-29
Support: https://bbb.io/debian
default username is [amytis]

amytis@192.168.7.2's password: 

The programs included with the Debian GNU/Linux system are free software;
the exact distribution terms for each program are described in the
individual files in /usr/share/doc/*/copyright.

Debian GNU/Linux comes with ABSOLUTELY NO WARRANTY, to the extent
permitted by applicable law.
Last login: Mon Oct 13 20:01:32 2025 from 192.168.7.1
-bash: warning: setlocale: LC_CTYPE: cannot change locale (en_CA.UTF-8): No such file or directory
-bash: warning: setlocale: LC_CTYPE: cannot change locale (en_CA.UTF-8): No such file or directory
-bash: warning: setlocale: LC_COLLATE: cannot change locale (en_CA.UTF-8): No such file or directory
-bash: warning: setlocale: LC_CTYPE: cannot change locale (en_CA.UTF-8): No such file or directory
-bash: warning: setlocale: LC_CTYPE: cannot change locale (en_CA.UTF-8): No such file or directory
-bash: warning: setlocale: LC_COLLATE: cannot change locale (en_CA.UTF-8): No such file or directory
-bash: warning: setlocale: LC_CTYPE: cannot change locale (en_CA.UTF-8): No such file or directory
-bash: warning: setlocale: LC_CTYPE: cannot change locale (en_CA.UTF-8): No such file or directory
-bash: warning: setlocale: LC_COLLATE: cannot change locale (en_CA.UTF-8): No such file or directory
-bash: warning: setlocale: LC_CTYPE: cannot change locale (en_CA.UTF-8): No such file or directory
-bash: warning: setlocale: LC_CTYPE: cannot change locale (en_CA.UTF-8): No such file or directory
-bash: warning: setlocale: LC_COLLATE: cannot change locale (en_CA.UTF-8): No such file or directory
amytis@BeagleBone:~$ cd /mnt/host/as1/app
-bash: cd: /mnt/host/as1/app: No such file or directory
amytis@BeagleBone:~$ ls
Desktop    Music     Templates  internerToTarget.sh
Documents  Pictures  Videos     internetToTarget.sh
Downloads  Public    ensc351    mount.sh
amytis@BeagleBone:~$ ./mount.sh
[sudo] password for amytis: 
total 52
-rwxr-xr-x 1 amytis amytis 70664 Oct 10 16:22 SPI_target
drwxr-xr-x 3 amytis amytis  4096 Oct  9 12:00 as1
-rw-r--r-- 1 amytis amytis    48 Sep 30 16:13 byai-internetToTarget.sh
-rwxr-xr-x 1 amytis amytis 70440 Oct  1 16:28 helloworld_target
-rw-r--r-- 1 amytis amytis   170 Oct 13 16:14 mount.sh
-rwxrwxr-x 1 amytis amytis    70 Sep 30 17:07 mountNFS.sh
-rw-r--r-- 1 amytis amytis    14 Sep 30 17:00 nfs_message.txt
amytis@BeagleBone:~$ cd /mnt/host/as1/app
amytis@BeagleBone:/mnt/host/as1/app$ sudo ./reaction_timer
When the LEDs light up, press the joystick in that direction! 
 (green -> up, red -> down)
(Press left or right to exit)

Get Ready...
too soon!

Get Ready...
Press DOWN now!
Correct!
New record! Fastest reaction time: 883 ms

Get Ready...
Press DOWN now!
Correct!
Your reaction time was 1180 ms. Fastest reaction time remains: 883 ms

Get Ready...
Press UP now!
Incorrect direction!.

Get Ready...
Press DOWN now!
User selected to quit.
amytis@BeagleBone:/mnt/host/as1/app$ sudo route add default gw 192.168.7.1
amytis@BeagleBone:/mnt/host/as1/app$ ip -4 addr
1: lo: <LOOPBACK,UP,LOWER_UP> mtu 65536 qdisc noqueue state UNKNOWN group default qlen 1000
    inet 127.0.0.1/8 scope host lo
       valid_lft forever preferred_lft forever
6: usb0: <BROADCAST,MULTICAST,UP,LOWER_UP> mtu 1500 qdisc fq_codel state UP group default qlen 1000
    inet 192.168.7.2/24 brd 192.168.7.255 scope global usb0
       valid_lft forever preferred_lft forever
7: docker0: <NO-CARRIER,BROADCAST,MULTICAST,UP> mtu 1500 qdisc noqueue state DOWN group default 
    inet 172.17.0.1/16 brd 172.17.255.255 scope global docker0
       valid_lft forever preferred_lft forever
amytis@BeagleBone:/mnt/host/as1/app$ ping 192.168.7.1
PING 192.168.7.1 (192.168.7.1) 56(84) bytes of data.
64 bytes from 192.168.7.1: icmp_seq=1 ttl=64 time=3.65 ms
64 bytes from 192.168.7.1: icmp_seq=2 ttl=64 time=3.94 ms
64 bytes from 192.168.7.1: icmp_seq=3 ttl=64 time=3.82 ms
64 bytes from 192.168.7.1: icmp_seq=4 ttl=64 time=3.93 ms
64 bytes from 192.168.7.1: icmp_seq=5 ttl=64 time=3.90 ms
^C
--- 192.168.7.1 ping statistics ---
5 packets transmitted, 5 received, 0% packet loss, time 4006ms
rtt min/avg/max/mdev = 3.649/3.848/3.940/0.107 ms
amytis@BeagleBone:/mnt/host/as1/app$ ping google.ca
PING google.ca (142.250.73.99) 56(84) bytes of data.
64 bytes from pnseaa-an-in-f3.1e100.net (142.250.73.99): icmp_seq=1 ttl=127 time=12.3 ms
64 bytes from pnseaa-an-in-f3.1e100.net (142.250.73.99): icmp_seq=2 ttl=127 time=21.7 ms
64 bytes from pnseaa-an-in-f3.1e100.net (142.250.73.99): icmp_seq=3 ttl=127 time=15.4 ms
64 bytes from pnseaa-an-in-f3.1e100.net (142.250.73.99): icmp_seq=4 ttl=127 time=32.4 ms
64 bytes from pnseaa-an-in-f3.1e100.net (142.250.73.99): icmp_seq=5 ttl=127 time=33.0 ms
^C
--- google.ca ping statistics ---
5 packets transmitted, 5 received, 0% packet loss, time 4007ms
rtt min/avg/max/mdev = 12.273/22.956/32.959/8.514 ms
amytis@BeagleBone:/mnt/host/as1/app$ cat /boot/firmware/ID.txt
BeagleBoard.org Debian Trixie Xfce Image 2025-08-29
amytis@BeagleBone:/mnt/host/as1/app$ cat /proc/version
Linux version 6.1.83-ti-arm64-r72 (voodoo@rpi5b8g-66) (gcc (Debian 14.2.0-19) 14.2.0, GNU ld (GNU Binutils for Debian) 2.44) #1trixie SMP PREEMPT_DYNAMIC Wed Aug  6 18:28:52 UTC 2025
amytis@BeagleBone:/mnt/host/as1/app$ cat /proc/uptime
384.08 1437.40
amytis@BeagleBone:/mnt/host/as1/app$ cd .. 
amytis@BeagleBone:/mnt/host/as1$ cd .. 
amytis@BeagleBone:/mnt/host$ ls
SPI_target  byai-internetToTarget.sh  mount.sh     nfs_message.txt
as1         helloworld_target         mountNFS.sh



